
Discarded input sections

 .comment       0x00000000       0x13 E:/texmanim/cpp/WinDOStenv/WinDOS-v0.1/build/bootloader/loader.o
 .comment       0x00000000       0x26 E:/texmanim/cpp/WinDOStenv/WinDOS-v0.1/build/bootloader/mm.o
 .comment       0x00000000       0x13 E:/texmanim/cpp/WinDOStenv/WinDOS-v0.1/build/bootloader/IDT_L.o
 .group         0x00000000        0xc E:/texmanim/cpp/WinDOStenv/WinDOS-v0.1/build/bootloader/drv.o
 .group         0x00000000        0x8 E:/texmanim/cpp/WinDOStenv/WinDOS-v0.1/build/bootloader/drv.o
 .group         0x00000000        0xc E:/texmanim/cpp/WinDOStenv/WinDOS-v0.1/build/bootloader/drv.o
 .group         0x00000000        0xc E:/texmanim/cpp/WinDOStenv/WinDOS-v0.1/build/bootloader/drv.o
 .group         0x00000000        0xc E:/texmanim/cpp/WinDOStenv/WinDOS-v0.1/build/bootloader/drv.o
 .group         0x00000000        0xc E:/texmanim/cpp/WinDOStenv/WinDOS-v0.1/build/bootloader/drv.o
 .comment       0x00000000       0x98 E:/texmanim/cpp/WinDOStenv/WinDOS-v0.1/build/bootloader/drv.o
 .comment       0x00000000       0x26 E:/texmanim/cpp/WinDOStenv/WinDOS-v0.1/build/bootloader/part-fs.o
 .comment       0x00000000       0x39 E:/texmanim/cpp/WinDOStenv/WinDOS-v0.1/build/bootloader/CenterShell.o
 .comment       0x00000000       0x26 E:/texmanim/cpp/WinDOStenv/WinDOS-v0.1/build/bootloader/module.o
 .comment       0x00000000       0x13 E:/texmanim/cpp/WinDOStenv/WinDOS-v0.1/build/bootloader/registry.o

Memory Configuration

Name             Origin             Length             Attributes
*default*        0x00000000         0xffffffff

Linker script and memory map

                0x00010000                        . = 0x10000

.start          0x00010000       0x44
 *(.start)
 .start         0x00010000       0x44 E:/texmanim/cpp/WinDOStenv/WinDOS-v0.1/build/bootloader/_start.o
                0x00010000                _start

.text           0x00010080     0x5a4a
 *(.text)
 .text          0x00010080      0x232 E:/texmanim/cpp/WinDOStenv/WinDOS-v0.1/build/bootloader/loader.o
                0x00010080                print_esp()
                0x000100c0                print_ss()
                0x00010100                init_screen()
                0x000101c0                LoaderMain
 *fill*         0x000102b2        0xe 
 .text          0x000102c0      0x619 E:/texmanim/cpp/WinDOStenv/WinDOS-v0.1/build/bootloader/mm.o
                0x000102c0                mm::alloc(unsigned int)
                0x000103f0                mm::mm(unsigned int, unsigned int, void*, bool*, unsigned int)
                0x000103f0                mm::mm(unsigned int, unsigned int, void*, bool*, unsigned int)
                0x00010440                mm::dealloc(void*)
                0x000104e0                _ptr2size::regist(void*, unsigned int)
                0x00010520                _ptr2size::get_size(void*)
                0x00010570                _ptr2size::xxx(void*)
                0x000105d0                operator new(unsigned int)
                0x000105f0                operator new[](unsigned int)
                0x00010610                operator new(unsigned int, void*)
                0x00010620                operator delete(void*)
                0x00010640                operator delete[](void*, unsigned int)
                0x00010660                operator delete[](void*)
                0x00010680                NP_handler()
                0x000106c0                SS_handler()
                0x00010700                GDT::GDT(GDT::GDTEntry*, unsigned short, IDT&)
                0x00010700                GDT::GDT(GDT::GDTEntry*, unsigned short, IDT&)
                0x000108c0                fresh_gdt
 *fill*         0x000108d9        0x7 
 .text          0x000108e0      0x6fe E:/texmanim/cpp/WinDOStenv/WinDOS-v0.1/build/bootloader/IDT_L.o
                0x000108e0                qpl_hex(unsigned int)
                0x000109a0                IDT::IDT(IDT::IDT_item volatile*)
                0x000109a0                IDT::IDT(IDT::IDT_item volatile*)
                0x00010b30                IDT::regist(void (*)(), unsigned int, unsigned char, unsigned short) volatile
                0x00010b80                IDT::had_handler(unsigned int) const
                0x00010ba0                IDT::set_PIC() volatile
                0x00010be0                DE_handler_c
                0x00010c20                OF_handler_c
                0x00010c60                NM_handler_c
                0x00010c90                DF_handler_c
                0x00010cd0                GP_handler_c
                0x00010d10                basic_time_handler_c
                0x00010d40                print_program_status(_program_status*)
                0x00010e10                UD_handler_c
                0x00010e60                IDT::idtt() volatile
                0x00010f1c                DE_handler
                0x00010f28                OF_handler
                0x00010f33                UD_handler
                0x00010f75                NM_handler
                0x00010f81                DF_handler
                0x00010f8d                GP_handler
                0x00010fcf                basic_time_handler
                0x00010fdb                catch_program
 *fill*         0x00010fde        0x2 
 .text          0x00010fe0     0x18f1 E:/texmanim/cpp/WinDOStenv/WinDOS-v0.1/build/bootloader/drv.o
                0x00010fe0                VGA_text_mode::clear()
                0x00011030                VGA_text_mode::do_it_has_graphic_mode()
                0x00011040                VGA_text_mode::draw(unsigned int, unsigned int, unsigned char*, unsigned int, unsigned int)
                0x00011050                VGA_text_mode::VGA_text_mode()
                0x00011050                VGA_text_mode::VGA_text_mode()
                0x00011080                VGA_text_mode::full(unsigned char, unsigned char)
                0x000110c0                VGA_text_mode::push() volatile
                0x00011140                VGA_text_mode::return_carriage() volatile
                0x00011150                VGA_text_mode::newline() volatile
                0x000111a0                VGA_text_mode::back() volatile
                0x00011220                VGA_text_mode::_prt(char)
                0x00011360                VGA_text_mode::print(char const*) volatile
                0x00011490                VGA_text_mode::pt(char const*, unsigned int)
                0x000114e0                kprint(char*)
                0x00011500                print_hex(unsigned char)
                0x00011550                print_hex(unsigned short)
                0x000115c0                print_hex(unsigned int)
                0x00011680                print_char(char)
                0x000116a0                PCI_space::PCI_space(bool)
                0x000116a0                PCI_space::PCI_space(bool)
                0x00011770                PCI_space::set_device_driver()
                0x00011890                IDE_DISK::info()
                0x000118a0                IDE_Channal::ata_sff_tf_read(IDE_Channal::ata_taskfile&)
                0x000119b0                IDE_Channal::ata_sff_tf_load(IDE_Channal::ata_taskfile&)
                0x00011ad0                IDE_Channal::ata_sff_exec_command(IDE_Channal::ata_taskfile&)
                0x00011b00                IDE_Channal::read(unsigned short*, unsigned int, unsigned char, IDE_DISK_INFO*)
                0x00011ca0                IDE_DISK::read(unsigned short*, unsigned int, unsigned char)
                0x00011cd0                IDE_Channal::write(unsigned short*, unsigned int, unsigned char, IDE_DISK_INFO*)
                0x00011d20                IDE_DISK::write(unsigned short*, unsigned int, unsigned char)
                0x00011d80                IDE_DISK::operator=(IDE_DISK&&)
                0x00011e20                IDE_DISK::IDE_DISK()
                0x00011e20                IDE_DISK::IDE_DISK()
                0x00011e50                IDE_DISK::IDE_DISK(IDE_DISK::Device, IDT&, IDE_Channal*)
                0x00011e50                IDE_DISK::IDE_DISK(IDE_DISK::Device, IDT&, IDE_Channal*)
                0x000121e0                IDE_Channal::IDE_Channal(IDE_DISK&, IDE_DISK&, IDE_Channal::Channal, IDT&)
                0x000121e0                IDE_Channal::IDE_Channal(IDE_DISK&, IDE_DISK&, IDE_Channal::Channal, IDT&)
                0x000123f0                IDE_DISK::check()
                0x00012530                when_PATA_Master_cut_handler
                0x00012531                when_PATA_Slave_cut_handler
                0x00012540                init_IDE_controller(void**, unsigned int*)
                0x00012700                keyboard_handler_c
                0x00012750                KeyBoard::init()
                0x00012860                KeyBoard::init_driver()
                0x000128c0                keyboard_handler
 *fill*         0x000128d1        0xf 
 .text          0x000128e0      0xa94 E:/texmanim/cpp/WinDOStenv/WinDOS-v0.1/build/bootloader/part-fs.o
                0x000128e0                FAT16::format()
                0x00012c10                FAT16::FAT16(DISK_PART*, unsigned int, bool, bool, unsigned int)
                0x00012c10                FAT16::FAT16(DISK_PART*, unsigned int, bool, bool, unsigned int)
                0x00012f40                FAT16::set_filesystem_name(char*)
                0x00012fe0                FAT16::~FAT16()
                0x00012fe0                FAT16::~FAT16()
                0x00012ff0                DISK_PART::DISK_PART(DISK_*)
                0x00012ff0                DISK_PART::DISK_PART(DISK_*)
                0x00013080                DISK_PART::make_MBR()
                0x00013110                DISK_PART::make_part(bool, unsigned int, unsigned int)
                0x00013220                DISK_PART::init_part(DISK_PART::System_ID, unsigned int)
                0x000132a0                DISK_PART::get_system_id(unsigned int)
                0x000132c0                DISK_PART::read(unsigned short*, unsigned int, unsigned int, unsigned int)
                0x00013310                DISK_PART::write(unsigned short*, unsigned int, unsigned int, unsigned int)
                0x00013360                DISK_PART::set_block(unsigned int, unsigned int)
 *fill*         0x00013374        0xc 
 .text          0x00013380     0x2117 E:/texmanim/cpp/WinDOStenv/WinDOS-v0.1/build/bootloader/CenterShell.o
                0x00013380                CenterShell::deal_keyboard_code()
                0x000135d0                CenterShell::main_loop()
                0x00013603                Label_for_keyboard_interrput_goto
                0x00013620                CenterShell::CenterShell()
                0x00013620                CenterShell::CenterShell()
                0x00013680                cmd_see(String)
                0x00013a50                cmd_disk(String)
                0x00013e00                cmd_say(String)
                0x00013f60                cmd_jmp(String)
                0x00014120                cmd_shell(char*, unsigned int)
                0x00014400                strcmp(char const*, char const*)
                0x00014450                strncmp(char const*, char const*, unsigned int)
                0x000144a0                String::String(unsigned int)
                0x000144a0                String::String(unsigned int)
                0x000145a0                String::String(char const*)
                0x000145a0                String::String(char const*)
                0x00014650                String::String(char*, unsigned int)
                0x00014650                String::String(char*, unsigned int)
                0x000146d0                String::String(String const&)
                0x000146d0                String::String(String const&)
                0x00014740                String::String(unsigned int, char)
                0x00014740                String::String(unsigned int, char)
                0x000147a0                String::~String()
                0x000147a0                String::~String()
                0x000147c0                String::operator=(String const&)
                0x00014850                String::operator==(String const&) const
                0x000148b0                String::operator==(char const*) const
                0x00014940                String::operator+(String const&) const
                0x00014a00                String::operator+=(String const&)
                0x00014a40                String::operator+=(char const*)
                0x00014ab0                String::operator+(char const*) const
                0x00014b50                String::clear()
                0x00014b80                String::append(char)
                0x00014c30                String::append(char const*)
                0x00014ca0                String::append(String const&)
                0x00014ce0                String::to_int() const
                0x00014d50                String::substr(int, int) const
                0x00014e60                String::substr(int) const
                0x00014eb0                String::find(String const&) const
                0x00014f40                String::find(char const*) const
                0x00015000                String::split(String const&) const
                0x00015220                String::split(char const*) const
                0x00015260                String::trim_left() const
                0x000152c0                String::trim_right() const
                0x00015320                String::trim() const
                0x00015360                String::extract_param(char const*) const
                0x00015440                String::extract_int(char const*) const
 *fill*         0x00015497        0x9 
 .text          0x000154a0       0xb1 E:/texmanim/cpp/WinDOStenv/WinDOS-v0.1/build/bootloader/module.o
                0x000154a0                initializer for module changestack
                0x000154b0                outb
                0x000154c0                outw
                0x000154d0                outl
                0x000154e0                inb
                0x000154f0                inw
                0x00015500                inl
                0x00015510                io_wait
                0x00015520                qps
                0x00015550                initializer for module lib32
 *fill*         0x00015551        0xf 
 .text          0x00015560        0xb E:/texmanim/cpp/WinDOStenv/WinDOS-v0.1/build/bootloader/registry.o
                0x00015560                registry_editor::registry_editor()
                0x00015560                registry_editor::registry_editor()
 *(.text.*)
 *fill*         0x0001556b        0x5 
 .text.startup  0x00015570       0x1a E:/texmanim/cpp/WinDOStenv/WinDOS-v0.1/build/bootloader/loader.o
 .text.unlikely
                0x0001558a        0x0 E:/texmanim/cpp/WinDOStenv/WinDOS-v0.1/build/bootloader/drv.o
                0x0001558a                VGA_text_mode::get_info()
 *fill*         0x0001558a       0x16 
 .text._ZN3VBE5clearEv
                0x000155a0       0xd9 E:/texmanim/cpp/WinDOStenv/WinDOS-v0.1/build/bootloader/drv.o
                0x000155a0                VBE::clear()
 *fill*         0x00015679        0x7 
 .text._ZN9PCI_space16pci_probe_deviceEiibi
                0x00015680      0x303 E:/texmanim/cpp/WinDOStenv/WinDOS-v0.1/build/bootloader/drv.o
                0x00015680                PCI_space::pci_probe_device(int, int, bool, int)
 *fill*         0x00015983        0xd 
 .text._ZN11IDE_Channal13write_PIO_LBAEPtjhh
                0x00015990      0x13a E:/texmanim/cpp/WinDOStenv/WinDOS-v0.1/build/bootloader/drv.o
                0x00015990                IDE_Channal::write_PIO_LBA(unsigned short*, unsigned int, unsigned char, unsigned char)
 .text.unlikely
                0x00015aca        0x0 E:/texmanim/cpp/WinDOStenv/WinDOS-v0.1/build/bootloader/part-fs.o
                0x00015aca                FAT16::open(char const*)
 *(.text*)
                0x00018000                        //. = ALIGN (0x1000)

.ctors          0x00015acc        0xc
                0x00015acc                        __CTOR_LIST__ = .
                0x00015acc        0x4 LONG 0xffffffffffffffff
 *(.ctors)
 .ctors         0x00015ad0        0x4 E:/texmanim/cpp/WinDOStenv/WinDOS-v0.1/build/bootloader/loader.o
 *(.ctors.*)
                0x00015ad4        0x4 LONG 0x0
                0x00015ad8                        __CTOR_END__ = .

.rodata         0x00015ae0      0xed9
 *(.rodata)
 .rodata        0x00015ae0      0x176 E:/texmanim/cpp/WinDOStenv/WinDOS-v0.1/build/bootloader/IDT_L.o
 *fill*         0x00015c56        0xa 
 .rodata        0x00015c60      0x120 E:/texmanim/cpp/WinDOStenv/WinDOS-v0.1/build/bootloader/drv.o
                0x00015c60                PCI_device_numbers
                0x00015c80                code2ascii
                0x00015d00                shift_code2ascii
 .rodata        0x00015d80       0xa8 E:/texmanim/cpp/WinDOStenv/WinDOS-v0.1/build/bootloader/CenterShell.o
 *(.rodata.*)
 .rodata.str1.1
                0x00015e28       0x78 E:/texmanim/cpp/WinDOStenv/WinDOS-v0.1/build/bootloader/loader.o
 .rodata.str1.4
                0x00015ea0       0x71 E:/texmanim/cpp/WinDOStenv/WinDOS-v0.1/build/bootloader/loader.o
 .rodata.str1.1
                0x00015f11       0x39 E:/texmanim/cpp/WinDOStenv/WinDOS-v0.1/build/bootloader/mm.o
 *fill*         0x00015f4a        0x2 
 .rodata._ZTV13VGA_text_mode
                0x00015f4c       0x20 E:/texmanim/cpp/WinDOStenv/WinDOS-v0.1/build/bootloader/drv.o
                0x00015f4c                vtable for VGA_text_mode
 .rodata._ZTV3VBE
                0x00015f6c       0x20 E:/texmanim/cpp/WinDOStenv/WinDOS-v0.1/build/bootloader/drv.o
                0x00015f6c                vtable for VBE
 .rodata.str1.1
                0x00015f8c      0x1a2 E:/texmanim/cpp/WinDOStenv/WinDOS-v0.1/build/bootloader/drv.o
 .rodata._ZN9PCI_space16pci_probe_deviceEiibi.str1.1
                0x0001612e       0x23 E:/texmanim/cpp/WinDOStenv/WinDOS-v0.1/build/bootloader/drv.o
 *fill*         0x00016151        0x3 
 .rodata._ZN9PCI_space16pci_probe_deviceEiibi.str1.4
                0x00016154       0x22 E:/texmanim/cpp/WinDOStenv/WinDOS-v0.1/build/bootloader/drv.o
 *fill*         0x00016176        0x2 
 .rodata.str1.4
                0x00016178      0x13c E:/texmanim/cpp/WinDOStenv/WinDOS-v0.1/build/bootloader/drv.o
 .rodata._ZN11IDE_Channal13write_PIO_LBAEPtjhh.str1.1
                0x000162b4       0x14 E:/texmanim/cpp/WinDOStenv/WinDOS-v0.1/build/bootloader/drv.o
 .rodata._ZTV8IDE_DISK
                0x000162c8       0x14 E:/texmanim/cpp/WinDOStenv/WinDOS-v0.1/build/bootloader/drv.o
                0x000162c8                vtable for IDE_DISK
 .rodata.str1.1
                0x000162dc       0x51 E:/texmanim/cpp/WinDOStenv/WinDOS-v0.1/build/bootloader/part-fs.o
 .rodata.str1.1
                0x0001632d      0x27d E:/texmanim/cpp/WinDOStenv/WinDOS-v0.1/build/bootloader/CenterShell.o
 *fill*         0x000165aa        0x2 
 .rodata.str1.4
                0x000165ac      0x40d E:/texmanim/cpp/WinDOStenv/WinDOS-v0.1/build/bootloader/CenterShell.o
 *(.rdata*)
                0x00018000                        //. = ALIGN (0x1000)

.data           0x000169c0      0x805
 *(.data)
 .data          0x000169c0      0x804 E:/texmanim/cpp/WinDOStenv/WinDOS-v0.1/build/bootloader/loader.o
                0x000169c0                _IDT
                0x000171c0                boot_infomation
 .data          0x000171c4        0x0 E:/texmanim/cpp/WinDOStenv/WinDOS-v0.1/build/bootloader/mm.o
 .data          0x000171c4        0x0 E:/texmanim/cpp/WinDOStenv/WinDOS-v0.1/build/bootloader/IDT_L.o
 .data          0x000171c4        0x0 E:/texmanim/cpp/WinDOStenv/WinDOS-v0.1/build/bootloader/drv.o
 .data          0x000171c4        0x0 E:/texmanim/cpp/WinDOStenv/WinDOS-v0.1/build/bootloader/part-fs.o
 .data          0x000171c4        0x1 E:/texmanim/cpp/WinDOStenv/WinDOS-v0.1/build/bootloader/CenterShell.o
 .data          0x000171c5        0x0 E:/texmanim/cpp/WinDOStenv/WinDOS-v0.1/build/bootloader/module.o
 .data          0x000171c5        0x0 E:/texmanim/cpp/WinDOStenv/WinDOS-v0.1/build/bootloader/registry.o
 *(.data.*)
                0x00018000                        //. = ALIGN (0x1000)

.bss            0x000171e0      0xe20
                0x000171e0                        __bss_start = .
 *(COMMON)
 *(.bss)
 .bss           0x000171e0       0x1c E:/texmanim/cpp/WinDOStenv/WinDOS-v0.1/build/bootloader/loader.o
                0x000171e0                idt
                0x000171e4                screen
                0x000171e8                reserved_space_for_mm
 .bss           0x000171fc        0xc E:/texmanim/cpp/WinDOStenv/WinDOS-v0.1/build/bootloader/mm.o
                0x000171fc                reserved_space_for_ptr2size_list_of_mememory_manager
                0x00017204                memorymanager_objectpointer
 .bss           0x00017208        0x8 E:/texmanim/cpp/WinDOStenv/WinDOS-v0.1/build/bootloader/IDT_L.o
                0x00017208                _time_count
 *fill*         0x00017210       0x10 
 .bss           0x00017220      0x4c0 E:/texmanim/cpp/WinDOStenv/WinDOS-v0.1/build/bootloader/drv.o
                0x00017220                PCI_device_config_pointer
                0x00017240                KeyBoard::write
                0x00017244                KeyBoard::read
                0x00017248                KeyBoard::click
                0x00017260                KeyBoard::buffer
                0x00017660                _stack
 .bss           0x000176e0        0x0 E:/texmanim/cpp/WinDOStenv/WinDOS-v0.1/build/bootloader/part-fs.o
 .bss           0x000176e0      0x400 E:/texmanim/cpp/WinDOStenv/WinDOS-v0.1/build/bootloader/CenterShell.o
                0x000176e0                _char_buff
 .bss           0x00017ae0        0x0 E:/texmanim/cpp/WinDOStenv/WinDOS-v0.1/build/bootloader/module.o
 .bss           0x00017ae0        0x4 E:/texmanim/cpp/WinDOStenv/WinDOS-v0.1/build/bootloader/registry.o
                0x00017ae0                registry
 *(.bss.*)
                0x00018000                        . = ALIGN (0x1000)
 *fill*         0x00017ae4      0x51c 
                0x00018000                        __bss_end = .

.weak
 *(.weak)

.idt
 *(.idt)
                0x00018000                        . = ALIGN (0x4)
                0x00018000                        __boot_loader_end = .

/DISCARD/
 *(.comment)
 *(.note)
LOAD E:/texmanim/cpp/WinDOStenv/WinDOS-v0.1/build/bootloader/_start.o
LOAD E:/texmanim/cpp/WinDOStenv/WinDOS-v0.1/build/bootloader/loader.o
LOAD E:/texmanim/cpp/WinDOStenv/WinDOS-v0.1/build/bootloader/mm.o
LOAD E:/texmanim/cpp/WinDOStenv/WinDOS-v0.1/build/bootloader/IDT_L.o
LOAD E:/texmanim/cpp/WinDOStenv/WinDOS-v0.1/build/bootloader/drv.o
LOAD E:/texmanim/cpp/WinDOStenv/WinDOS-v0.1/build/bootloader/part-fs.o
LOAD E:/texmanim/cpp/WinDOStenv/WinDOS-v0.1/build/bootloader/CenterShell.o
LOAD E:/texmanim/cpp/WinDOStenv/WinDOS-v0.1/build/bootloader/module.o
LOAD E:/texmanim/cpp/WinDOStenv/WinDOS-v0.1/build/bootloader/registry.o
OUTPUT(E:/texmanim/cpp/WinDOStenv/WinDOS-v0.1/build/bootloader.bin binary)
